------------------------------------------------------------
Timing Analyzer Summary
------------------------------------------------------------

Type  : Slow 1200mV 85C Model Setup 'rstn'
Slack : -11.025
TNS   : -181.859

Type  : Slow 1200mV 85C Model Setup 'clk'
Slack : -4.476
TNS   : -99.386

Type  : Slow 1200mV 85C Model Hold 'rstn'
Slack : -2.965
TNS   : -10.163

Type  : Slow 1200mV 85C Model Hold 'clk'
Slack : 0.521
TNS   : 0.000

Type  : Slow 1200mV 85C Model Recovery 'rstn'
Slack : -11.142
TNS   : -222.597

Type  : Slow 1200mV 85C Model Recovery 'clk'
Slack : -10.003
TNS   : -234.085

Type  : Slow 1200mV 85C Model Removal 'rstn'
Slack : 1.216
TNS   : 0.000

Type  : Slow 1200mV 85C Model Removal 'clk'
Slack : 1.574
TNS   : 0.000

Type  : Slow 1200mV 85C Model Minimum Pulse Width 'clk'
Slack : -3.000
TNS   : -68.428

Type  : Slow 1200mV 85C Model Minimum Pulse Width 'rstn'
Slack : -3.000
TNS   : -3.000

Type  : Slow 1200mV 0C Model Setup 'rstn'
Slack : -10.443
TNS   : -171.868

Type  : Slow 1200mV 0C Model Setup 'clk'
Slack : -4.129
TNS   : -90.052

Type  : Slow 1200mV 0C Model Hold 'rstn'
Slack : -2.805
TNS   : -9.055

Type  : Slow 1200mV 0C Model Hold 'clk'
Slack : 0.487
TNS   : 0.000

Type  : Slow 1200mV 0C Model Recovery 'rstn'
Slack : -10.656
TNS   : -212.578

Type  : Slow 1200mV 0C Model Recovery 'clk'
Slack : -9.392
TNS   : -218.391

Type  : Slow 1200mV 0C Model Removal 'rstn'
Slack : 0.978
TNS   : 0.000

Type  : Slow 1200mV 0C Model Removal 'clk'
Slack : 1.618
TNS   : 0.000

Type  : Slow 1200mV 0C Model Minimum Pulse Width 'clk'
Slack : -3.000
TNS   : -68.428

Type  : Slow 1200mV 0C Model Minimum Pulse Width 'rstn'
Slack : -3.000
TNS   : -3.000

Type  : Fast 1200mV 0C Model Setup 'rstn'
Slack : -3.971
TNS   : -59.210

Type  : Fast 1200mV 0C Model Setup 'clk'
Slack : -1.318
TNS   : -23.461

Type  : Fast 1200mV 0C Model Hold 'rstn'
Slack : -1.299
TNS   : -6.581

Type  : Fast 1200mV 0C Model Hold 'clk'
Slack : 0.193
TNS   : 0.000

Type  : Fast 1200mV 0C Model Recovery 'rstn'
Slack : -3.959
TNS   : -77.731

Type  : Fast 1200mV 0C Model Recovery 'clk'
Slack : -3.420
TNS   : -79.981

Type  : Fast 1200mV 0C Model Removal 'rstn'
Slack : 0.255
TNS   : 0.000

Type  : Fast 1200mV 0C Model Removal 'clk'
Slack : 0.448
TNS   : 0.000

Type  : Fast 1200mV 0C Model Minimum Pulse Width 'clk'
Slack : -3.000
TNS   : -47.999

Type  : Fast 1200mV 0C Model Minimum Pulse Width 'rstn'
Slack : -3.000
TNS   : -3.000

------------------------------------------------------------
