------------------------------------------------------------
Timing Analyzer Summary
------------------------------------------------------------

Type  : Slow 1200mV 85C Model Setup 'rstn'
Slack : -11.813
TNS   : -234.060

Type  : Slow 1200mV 85C Model Setup 'clk'
Slack : -5.601
TNS   : -130.889

Type  : Slow 1200mV 85C Model Hold 'clk'
Slack : 0.428
TNS   : 0.000

Type  : Slow 1200mV 85C Model Hold 'rstn'
Slack : 2.340
TNS   : 0.000

Type  : Slow 1200mV 85C Model Recovery 'rstn'
Slack : -12.371
TNS   : -266.781

Type  : Slow 1200mV 85C Model Recovery 'clk'
Slack : -10.878
TNS   : -262.887

Type  : Slow 1200mV 85C Model Removal 'clk'
Slack : 1.751
TNS   : 0.000

Type  : Slow 1200mV 85C Model Removal 'rstn'
Slack : 2.446
TNS   : 0.000

Type  : Slow 1200mV 85C Model Minimum Pulse Width 'clk'
Slack : -3.000
TNS   : -64.732

Type  : Slow 1200mV 85C Model Minimum Pulse Width 'rstn'
Slack : -3.000
TNS   : -3.000

Type  : Slow 1200mV 0C Model Setup 'rstn'
Slack : -10.949
TNS   : -216.006

Type  : Slow 1200mV 0C Model Setup 'clk'
Slack : -5.006
TNS   : -115.129

Type  : Slow 1200mV 0C Model Hold 'clk'
Slack : 0.395
TNS   : 0.000

Type  : Slow 1200mV 0C Model Hold 'rstn'
Slack : 2.050
TNS   : 0.000

Type  : Slow 1200mV 0C Model Recovery 'rstn'
Slack : -11.419
TNS   : -245.495

Type  : Slow 1200mV 0C Model Recovery 'clk'
Slack : -9.882
TNS   : -238.079

Type  : Slow 1200mV 0C Model Removal 'clk'
Slack : 1.599
TNS   : 0.000

Type  : Slow 1200mV 0C Model Removal 'rstn'
Slack : 2.440
TNS   : 0.000

Type  : Slow 1200mV 0C Model Minimum Pulse Width 'clk'
Slack : -3.000
TNS   : -64.732

Type  : Slow 1200mV 0C Model Minimum Pulse Width 'rstn'
Slack : -3.000
TNS   : -3.000

Type  : Fast 1200mV 0C Model Setup 'rstn'
Slack : -5.044
TNS   : -95.850

Type  : Fast 1200mV 0C Model Setup 'clk'
Slack : -2.157
TNS   : -45.759

Type  : Fast 1200mV 0C Model Hold 'clk'
Slack : 0.172
TNS   : 0.000

Type  : Fast 1200mV 0C Model Hold 'rstn'
Slack : 0.733
TNS   : 0.000

Type  : Fast 1200mV 0C Model Recovery 'rstn'
Slack : -5.367
TNS   : -115.728

Type  : Fast 1200mV 0C Model Recovery 'clk'
Slack : -4.404
TNS   : -107.597

Type  : Fast 1200mV 0C Model Removal 'clk'
Slack : 0.554
TNS   : 0.000

Type  : Fast 1200mV 0C Model Removal 'rstn'
Slack : 0.894
TNS   : 0.000

Type  : Fast 1200mV 0C Model Minimum Pulse Width 'clk'
Slack : -3.000
TNS   : -50.987

Type  : Fast 1200mV 0C Model Minimum Pulse Width 'rstn'
Slack : -3.000
TNS   : -3.025

------------------------------------------------------------
